########## make clean ##########
removed: .venv _lakehouse .pytest_cache

########## make setup ##########
python version gate: OK (3.11.9)
  OK Setup complete.

########## make smoke ##########
Lakehouse smoke test — lightweight path (offline)

  ✓ delta write + read
  ✓ delta time travel + history
  ✓ delta maintenance (compact / vacuum) — NB6
  ✓ delta change data feed — NB7
  ✓ iceberg catalog + append
  ✓ iceberg scan planning prunes 5 → 1 files
  ✓ iceberg maintenance API present — NB6
  ✓ duckdb vector search (core, offline)
  ✓ duckdb ↔ delta via arrow (no extension download)

All checks passed — the lab is ready. Run `make data && make lab`.

########## make data ##########
Wrote 200,000 rows → D:\AITHUCCHIEN\LABS\K3-Track2-Day18-NguyenQuangTuong-2A202601597\_lakehouse\bronze\llm_calls_raw
  unique request_ids: 190,052  (9,948 duplicates seeded for dedup demo)
  date span: 7 UTC days from 2026-04-01

########## make data-ai ##########
docs      2,000 rows, dim=256  → D:\AITHUCCHIEN\LABS\K3-Track2-Day18-NguyenQuangTuong-2A202601597\_lakehouse\bronze\docs_multimodal
blobs     200 files, 12.5 MB  → D:\AITHUCCHIEN\LABS\K3-Track2-Day18-NguyenQuangTuong-2A202601597\_lakehouse\blobs
traces    1,578 steps / 300 sessions → D:\AITHUCCHIEN\LABS\K3-Track2-Day18-NguyenQuangTuong-2A202601597\_lakehouse\bronze\agent_traces

Ready for NB7 (multimodal + vectors) and NB8 (agents + provenance).

########## make test ##########
........................                                                 [100%]

########## make run-all ##########
Running 8 notebooks with D:\AITHUCCHIEN\LABS\K3-Track2-Day18-NguyenQuangTuong-2A202601597\.venv\Scripts\python.exe

  PASS  01_delta_basics.py                  0.6s
  PASS  02_optimize_zorder.py              17.3s
  PASS  03_time_travel.py                   0.6s
  PASS  04_medallion.py                     1.1s
  PASS  05_iceberg_catalog.py               1.8s
  PASS  06_maintenance.py                  13.2s
  PASS  07_vectors_multimodal.py            0.8s
  PASS  08_agents_provenance.py             1.6s

8/8 passed in 37.0s
