Notebook: notebooks/05_iceberg_catalog.ipynb
Completion marker: NB5 complete.

Catalog: SqlCatalog   namespaces: [('lake',)]
Created ('lake', 'llm_events')
  location:  file://D:\DEV\Project\AI_THUC_CHIEN\LAB\NGAY18\TRACK2_Day18_2A202601424_NguyenQuangHa\_lakehouse\iceberg\nb5\warehouse/lake/llm_events
  metadata:  00000-f61501b6-8dfc-4822-a3f8-1a1b778988e7.metadata.json
  format-v2
Partition spec: [
  1000: ts_day: day(2)
]

Note: 'ts_day' is NOT a column you insert. It is derived from ts.
Rows:      5,000
Snapshots: 10   (one per commit)
Data files: 10
Files to read, no filter:    10
Files to read, one-day filter: 1
→ Pruning ratio: 10×   (target ≥ 5×)
  rows returned: 500
Hive user who forgets `WHERE dt=...`:  reads 10 files
Iceberg user filtering on `ts`:        reads 1 files

At 512 MB/file and $5/TB scanned:
  wasted per query: 4.5 GB  =  $0.022
  × 10,000 queries/day  =  $220/day

That is the bill for one forgotten predicate. Hidden partitioning removes
the opportunity to forget.
Tier 1  metadata.json     : 00011-bf95aef6-805a-4bf4-9b69-b5ccc6b9cc2d.metadata.json
Tier 2  manifest lists    : 10 (one per snapshot)
Tier 3  manifest files    : 10
        data files        : 10

Metadata log entries: 12
Partitions tracked  : 10
data/        47.3 KB   (10 parquet files)
metadata/   137.2 KB   (20 avro + 12 json)
→ metadata is 290.1% of table size

At 10 rows/file this looks absurd. At 512 MB/file it is ~0.1%.
Small files punish you TWICE: more data files AND more metadata to plan over.
Field IDs before: [(1, 'event_id'), (2, 'ts'), (3, 'model'), (4, 'latency_ms'), (5, 'cost_usd')]
Field IDs after : [(1, 'event_id'), (2, 'ts'), (3, 'model'), (4, 'latency_millis'), (5, 'cost_usd'), (6, 'tier')]

latency_ms → latency_millis kept field_id=4: a rename rewrote NO data.
Old rows read back with tier=NULL — no backfill, no migration job.
Rows still readable: 5,000
Columns now: ['event_id', 'ts', 'model', 'latency_millis', 'cost_usd', 'tier']
tier nulls: 5,000 (all pre-existing rows)
snapshot[0]  7868748554387527974: 500 rows
snapshot[-1] 4776910970471543194: 5,000 rows

Total snapshots retained: 10

History (last 3):
  2026-08-18 10:21:52.821000  snapshot=7508346129589011989
  2026-08-18 10:21:52.902000  snapshot=5605143728742738364
  2026-08-18 10:21:52.988000  snapshot=4776910970471543194
Partition specs in use across data files: [1, 2]

Total rows readable across BOTH specs: 5,500

Two layouts, one table, zero rewrites. This is the feature.
  [PASS] pruning ratio ≥ 5x

  [PASS] ≥ 10 snapshots
  [PASS] field_id stable on rename
  [PASS] ≥ 2 partition specs
  [PASS] all rows readable

NB5 complete.
